border_size=1
usage=map

Xv          , Xv          , Xv          , Xv          , Xv          , Xv          , Xv          , Xv          , Xv          , Xv          , Xv          , Xv          , Xv          , Xv          , Xv          , Xv          , Xv          , Xv          , Xv          , Xv          , Xv          , Xv          , Xv          
Xv          , Xv          , Xv          , Xv          , Xv          , Xv          , Xv          , Xv          , Xv          , Xv          , Xv          , Xv          , Xv          , Xv          , Xv          , Xv          , Xv          , Xv          , Xv          , Xv          , Xv          , Xv          , Xv          
Xv          , Xv          , Xv          , Xv          , Xv          , Xv          , Xv          , Xv          , Xv          , Xv          , Wwf         , Xv          , Xv          , Xv          , Xv          , Xv          , Xv          , Xv          , Xv          , Xv          , Xv          , Xv          , Xv          
Xv          , Xv          , Xv          , Xv          , Xv          , Xv          , Xv          , Xv          , Xv          , 1 Wwf       , Wwf         , Rr          , Xv          , Xv          , Xv          , Xv          , Xv          , Xv          , Xv          , Xv          , Xv          , Xv          , Xv          
Xv          , Xv          , Xv          , Xv          , Xv          , Xv          , Xv          , Xv          , Xv          , Xv          , Xv          , Xv          , Khw         , Xv          , Xv          , 2 Wwf       , Wwf         , Xv          , Xv          , Xv          , Xv          , Xv          , Xv          
Xv          , Xv          , Xv          , Xv          , Xv          , Xv          , Rr          , Xv          , Khw         , Chw         , Xu          , Chw         , Chw         , Chw         , Xv          , Wwf         , Rr          , Xv          , Xv          , Xv          , Xv          , Xv          , Xv          
Xv          , Xv          , Xv          , Xv          , Xv          , Wwf         , Wwf         , Xv          , Chw         , Chw         , Xu          , Xu          , Xu          , Xu          , Chw         , Xv          , Xv          , Xv          , Xv          , Xv          , Xv          , Xv          , Xv          
Xv          , Xv          , Xv          , Xv          , Xv          , 6 Wwf       , Xv          , Xv          , Xu          , Xu          , Re^Uf       , Hh^Fp       , Ds          , Xu          , Chw         , Khw         , Xv          , Xv          , Xv          , Xv          , Xv          , Xv          , Xv          
Xv          , Xv          , Xv          , Xv          , Xv          , Xv          , Xv          , Chw         , Chw         , Xu          , Ds          , Ww^Vm       , Re^Uf       , Xu          , Xu          , Chw         , Xv          , Xv          , Xv          , Xv          , Xv          , Xv          , Xv          
Xv          , Xv          , Xv          , Xv          , Xv          , Xv          , Xv          , Khw         , Chw         , Xu          , Xu          , Hh^Fp       , Xu          , Xu          , Chw         , Xv          , Wwf         , 3 Wwf       , Xv          , Xv          , Xv          , Xv          , Xv          
Xv          , Xv          , Xv          , Xv          , Xv          , Xv          , Rr          , Xv          , Xv          , Xu          , Chw         , Xu          , Xu          , Chw         , Khw         , Xv          , Rr          , Wwf         , Xv          , Xv          , Xv          , Xv          , Xv          
Xv          , Xv          , Xv          , Xv          , Xv          , Xv          , Wwf         , Wwf         , Xv          , Chw         , Khw         , Chw         , Xv          , Chw         , Xv          , Xv          , Xv          , Xv          , Xv          , Xv          , Xv          , Xv          , Xv          
Xv          , Xv          , Xv          , Xv          , Xv          , Xv          , Xv          , 5 Wwf       , Xv          , Xv          , Xv          , Xv          , Wwf         , Xv          , Xv          , Xv          , Xv          , Xv          , Xv          , Xv          , Xv          , Xv          , Xv          
Xv          , Xv          , Xv          , Xv          , Xv          , Xv          , Xv          , Xv          , Xv          , Xv          , Xv          , Rr          , Wwf         , 4 Wwf       , Xv          , Xv          , Xv          , Xv          , Xv          , Xv          , Xv          , Xv          , Xv          
Xv          , Xv          , Xv          , Xv          , Xv          , Xv          , Xv          , Xv          , Xv          , Xv          , Xv          , Xv          , Xv          , Xv          , Xv          , Xv          , Xv          , Xv          , Xv          , Xv          , Xv          , Xv          , Xv          
Xv          , Xv          , Xv          , Xv          , Xv          , Xv          , Xv          , Xv          , Xv          , Xv          , Xv          , Xv          , Xv          , Xv          , Xv          , Xv          , Xv          , Xv          , Xv          , Xv          , Xv          , Xv          , Xv          
Xv          , Xv          , Xv          , Xv          , Xv          , Xv          , Xv          , Xv          , Xv          , Xv          , Xv          , Xv          , Xv          , Xv          , Xv          , Xv          , Xv          , Xv          , Xv          , Xv          , Xv          , Xv          , Xv          
